Archive member included to satisfy reference by file (symbol)

/usr/lib/gcc/arm-none-eabi/13.2.0/thumb/v6-m/nofp/libgcc.a(_udivsi3.o)
                              Build/obj/system_stm32g0xx.o (__aeabi_uidiv)
/usr/lib/gcc/arm-none-eabi/13.2.0/thumb/v6-m/nofp/libgcc.a(_dvmd_tls.o)
                              /usr/lib/gcc/arm-none-eabi/13.2.0/thumb/v6-m/nofp/libgcc.a(_udivsi3.o) (__aeabi_idiv0)
/usr/lib/gcc/arm-none-eabi/13.2.0/../../../../arm-none-eabi/lib/thumb/v6-m/nofp/libc_nano.a(libc_a-atexit.o)
                              /usr/lib/gcc/arm-none-eabi/13.2.0/../../../../arm-none-eabi/lib/thumb/v6-m/nofp/rdimon-crt0.o (atexit)
/usr/lib/gcc/arm-none-eabi/13.2.0/../../../../arm-none-eabi/lib/thumb/v6-m/nofp/libc_nano.a(libc_a-exit.o)
                              /usr/lib/gcc/arm-none-eabi/13.2.0/../../../../arm-none-eabi/lib/thumb/v6-m/nofp/rdimon-crt0.o (exit)
/usr/lib/gcc/arm-none-eabi/13.2.0/../../../../arm-none-eabi/lib/thumb/v6-m/nofp/libc_nano.a(libc_a-findfp.o)
                              /usr/lib/gcc/arm-none-eabi/13.2.0/../../../../arm-none-eabi/lib/thumb/v6-m/nofp/libc_nano.a(libc_a-exit.o) (__stdio_exit_handler)
/usr/lib/gcc/arm-none-eabi/13.2.0/../../../../arm-none-eabi/lib/thumb/v6-m/nofp/libc_nano.a(libc_a-fwalk.o)
                              /usr/lib/gcc/arm-none-eabi/13.2.0/../../../../arm-none-eabi/lib/thumb/v6-m/nofp/libc_nano.a(libc_a-findfp.o) (_fwalk_sglue)
/usr/lib/gcc/arm-none-eabi/13.2.0/../../../../arm-none-eabi/lib/thumb/v6-m/nofp/libc_nano.a(libc_a-stdio.o)
                              /usr/lib/gcc/arm-none-eabi/13.2.0/../../../../arm-none-eabi/lib/thumb/v6-m/nofp/libc_nano.a(libc_a-findfp.o) (__sread)
/usr/lib/gcc/arm-none-eabi/13.2.0/../../../../arm-none-eabi/lib/thumb/v6-m/nofp/libc_nano.a(libc_a-memset.o)
                              /usr/lib/gcc/arm-none-eabi/13.2.0/../../../../arm-none-eabi/lib/thumb/v6-m/nofp/rdimon-crt0.o (memset)
/usr/lib/gcc/arm-none-eabi/13.2.0/../../../../arm-none-eabi/lib/thumb/v6-m/nofp/libc_nano.a(libc_a-closer.o)
                              /usr/lib/gcc/arm-none-eabi/13.2.0/../../../../arm-none-eabi/lib/thumb/v6-m/nofp/libc_nano.a(libc_a-stdio.o) (_close_r)
/usr/lib/gcc/arm-none-eabi/13.2.0/../../../../arm-none-eabi/lib/thumb/v6-m/nofp/libc_nano.a(libc_a-reent.o)
                              /usr/lib/gcc/arm-none-eabi/13.2.0/../../../../arm-none-eabi/lib/thumb/v6-m/nofp/libc_nano.a(libc_a-closer.o) (errno)
/usr/lib/gcc/arm-none-eabi/13.2.0/../../../../arm-none-eabi/lib/thumb/v6-m/nofp/libc_nano.a(libc_a-impure.o)
                              /usr/lib/gcc/arm-none-eabi/13.2.0/../../../../arm-none-eabi/lib/thumb/v6-m/nofp/libc_nano.a(libc_a-reent.o) (_impure_ptr)
/usr/lib/gcc/arm-none-eabi/13.2.0/../../../../arm-none-eabi/lib/thumb/v6-m/nofp/libc_nano.a(libc_a-lseekr.o)
                              /usr/lib/gcc/arm-none-eabi/13.2.0/../../../../arm-none-eabi/lib/thumb/v6-m/nofp/libc_nano.a(libc_a-stdio.o) (_lseek_r)
/usr/lib/gcc/arm-none-eabi/13.2.0/../../../../arm-none-eabi/lib/thumb/v6-m/nofp/libc_nano.a(libc_a-readr.o)
                              /usr/lib/gcc/arm-none-eabi/13.2.0/../../../../arm-none-eabi/lib/thumb/v6-m/nofp/libc_nano.a(libc_a-stdio.o) (_read_r)
/usr/lib/gcc/arm-none-eabi/13.2.0/../../../../arm-none-eabi/lib/thumb/v6-m/nofp/libc_nano.a(libc_a-writer.o)
                              /usr/lib/gcc/arm-none-eabi/13.2.0/../../../../arm-none-eabi/lib/thumb/v6-m/nofp/libc_nano.a(libc_a-stdio.o) (_write_r)
/usr/lib/gcc/arm-none-eabi/13.2.0/../../../../arm-none-eabi/lib/thumb/v6-m/nofp/libc_nano.a(libc_a-init.o)
                              /usr/lib/gcc/arm-none-eabi/13.2.0/../../../../arm-none-eabi/lib/thumb/v6-m/nofp/rdimon-crt0.o (__libc_init_array)
/usr/lib/gcc/arm-none-eabi/13.2.0/../../../../arm-none-eabi/lib/thumb/v6-m/nofp/libc_nano.a(libc_a-fini.o)
                              /usr/lib/gcc/arm-none-eabi/13.2.0/../../../../arm-none-eabi/lib/thumb/v6-m/nofp/rdimon-crt0.o (__libc_fini_array)
/usr/lib/gcc/arm-none-eabi/13.2.0/../../../../arm-none-eabi/lib/thumb/v6-m/nofp/libc_nano.a(libc_a-lock.o)
                              /usr/lib/gcc/arm-none-eabi/13.2.0/../../../../arm-none-eabi/lib/thumb/v6-m/nofp/libc_nano.a(libc_a-findfp.o) (__retarget_lock_init_recursive)
/usr/lib/gcc/arm-none-eabi/13.2.0/../../../../arm-none-eabi/lib/thumb/v6-m/nofp/libc_nano.a(libc_a-__atexit.o)
                              /usr/lib/gcc/arm-none-eabi/13.2.0/../../../../arm-none-eabi/lib/thumb/v6-m/nofp/libc_nano.a(libc_a-atexit.o) (__register_exitproc)
/usr/lib/gcc/arm-none-eabi/13.2.0/../../../../arm-none-eabi/lib/thumb/v6-m/nofp/libc_nano.a(libc_a-__call_atexit.o)
                              /usr/lib/gcc/arm-none-eabi/13.2.0/../../../../arm-none-eabi/lib/thumb/v6-m/nofp/libc_nano.a(libc_a-__atexit.o) (__call_exitprocs)
/usr/lib/gcc/arm-none-eabi/13.2.0/../../../../arm-none-eabi/lib/thumb/v6-m/nofp/libc_nano.a(libc_a-freer.o)
[...]
Memory Configuration

Name             Origin             Length             Attributes
RAM              0x20000000         0x00024000         xrw
FLASH            0x08000000         0x00080000         xr
*default*        0x00000000         0xffffffff

Linker script and memory map

LOAD /usr/lib/gcc/arm-none-eabi/13.2.0/thumb/v6-m/nofp/crti.o
LOAD /usr/lib/gcc/arm-none-eabi/13.2.0/thumb/v6-m/nofp/crtbegin.o
LOAD /usr/lib/gcc/arm-none-eabi/13.2.0/../../../../arm-none-eabi/lib/thumb/v6-m/nofp/rdimon-crt0.o
LOAD Build/obj/main.o
LOAD Build/obj/app_ints.o
LOAD Build/obj/app_msps.o
LOAD Build/obj/startup_stm32g0b1xx.o
LOAD Build/obj/system_stm32g0xx.o
LOAD Build/obj/stm32g0xx_hal.o
LOAD Build/obj/stm32g0xx_hal_cortex.o
LOAD Build/obj/stm32g0xx_hal_rcc.o
LOAD Build/obj/stm32g0xx_hal_flash.o
LOAD Build/obj/stm32g0xx_hal_gpio.o
LOAD Build/obj/stm32g0xx_hal_fdcan.o
LOAD Build/obj/stm32g0xx_hal_tim.o
LOAD Build/obj/stm32g0xx_hal_tim_ex.o
LOAD Build/obj/stm32g0xx_hal_rcc_ex.o
LOAD Build/obj/stm32g0xx_hal_rtc.o
LOAD Build/obj/stm32g0xx_hal_rtc_ex.o
LOAD Build/obj/stm32g0xx_hal_pwr.o
LOAD Build/obj/stm32g0xx_hal_pwr_ex.o
LOAD Build/obj/app_serial.o
LOAD Build/obj/app_clock.o
LOAD Build/obj/stm32g0xx_hal_spi.o
LOAD Build/obj/hel_lcd.o
LOAD Build/obj/app_can.o
START GROUP
LOAD /usr/lib/gcc/arm-none-eabi/13.2.0/thumb/v6-m/nofp/libgcc.a
LOAD /usr/lib/gcc/arm-none-eabi/13.2.0/../../../../arm-none-eabi/lib/thumb/v6-m/nofp/libc_nano.a
END GROUP
START GROUP
LOAD /usr/lib/gcc/arm-none-eabi/13.2.0/thumb/v6-m/nofp/libgcc.a
LOAD /usr/lib/gcc/arm-none-eabi/13.2.0/../../../../arm-none-eabi/lib/thumb/v6-m/nofp/libc_nano.a
LOAD /usr/lib/gcc/arm-none-eabi/13.2.0/../../../../arm-none-eabi/lib/thumb/v6-m/nofp/librdimon_nano.a
END GROUP
START GROUP
LOAD /usr/lib/gcc/arm-none-eabi/13.2.0/thumb/v6-m/nofp/libgcc.a
LOAD /usr/lib/gcc/arm-none-eabi/13.2.0/../../../../arm-none-eabi/lib/thumb/v6-m/nofp/libc_nano.a
LOAD /usr/lib/gcc/arm-none-eabi/13.2.0/../../../../arm-none-eabi/lib/thumb/v6-m/nofp/librdimon_nano.a
END GROUP
LOAD /usr/lib/gcc/arm-none-eabi/13.2.0/thumb/v6-m/nofp/crtend.o
LOAD /usr/lib/gcc/arm-none-eabi/13.2.0/thumb/v6-m/nofp/crtn.o
                0x20024000                        _estack = (ORIGIN (RAM) + LENGTH (RAM))
                0x00000200                        _Min_Heap_Size = 0x200
                0x00000400                        _Min_Stack_Size = 0x400

.isr_vector     0x08000000       0xbc
                0x08000000                        . = ALIGN (0x4)
 *(.isr_vector)
 .isr_vector    0x08000000       0xbc Build/obj/startup_stm32g0b1xx.o
                0x08000000                g_pfnVectors
                0x080000bc                        . = ALIGN (0x4)

.text           0x080000bc     0x3348
                0x080000bc                        . = ALIGN (0x4)
 *(.text)
 .text          0x080000bc       0x8c /usr/lib/gcc/arm-none-eabi/13.2.0/thumb/v6-m/nofp/libgcc.a(_udivsi3.o)
                0x080000bc                __udivsi3
                0x080000bc                __aeabi_uidiv
                0x08000134                __aeabi_uidivmod
 .text          0x08000148        0x4 /usr/lib/gcc/arm-none-eabi/13.2.0/thumb/v6-m/nofp/libgcc.a(_dvmd_tls.o)
                0x08000148                __aeabi_ldiv0
                0x08000148                __aeabi_idiv0
 *(.text*)
 .text.__do_global_dtors_aux
                0x0800014c       0x28 /usr/lib/gcc/arm-none-eabi/13.2.0/thumb/v6-m/nofp/crtbegin.o
 .text.frame_dummy
                0x08000174       0x20 /usr/lib/gcc/arm-none-eabi/13.2.0/thumb/v6-m/nofp/crtbegin.o
 .text.main     0x08000194       0x1e Build/obj/main.o
                0x08000194                main
 .text.NMI_Handler
                0x080001b2        0x4 Build/obj/app_ints.o
                0x080001b2                NMI_Handler
 .text.HardFault_Handler
                0x080001b6        0x4 Build/obj/app_ints.o
                0x080001b6                HardFault_Handler
 .text.SVC_Handler
                0x080001ba        0x4 Build/obj/app_ints.o
                0x080001ba                SVC_Handler
 .text.PendSV_Handler
                0x080001be        0x4 Build/obj/app_ints.o
                0x080001be                PendSV_Handler
 .text.SysTick_Handler
                0x080001c2        0xa Build/obj/app_ints.o
                0x080001c2                SysTick_Handler
 .text.TIM16_FDCAN_IT0_IRQHandler
                0x080001cc       0x14 Build/obj/app_ints.o
                0x080001cc                TIM16_FDCAN_IT0_IRQHandler
 .text.HAL_MspInit
                0x080001e0        0x4 Build/obj/app_msps.o
                0x080001e0                HAL_MspInit
 .text.HAL_FDCAN_MspInit
                0x080001e4       0xb0 Build/obj/app_msps.o
                0x080001e4                HAL_FDCAN_MspInit
 .text.HAL_RTC_MspInit
                0x08000294       0xec Build/obj/app_msps.o
                0x08000294                HAL_RTC_MspInit
 .text.Reset_Handler
                0x08000380       0x50 Build/obj/startup_stm32g0b1xx.o
                0x08000380                Reset_Handler
 .text.Default_Handler
                0x080003d0        0x2 Build/obj/startup_stm32g0b1xx.o
                0x080003d0                I2C2_3_IRQHandler
                0x080003d0                USART3_4_5_6_LPUART1_IRQHandler
                0x080003d0                TIM1_CC_IRQHandler
                0x080003d0                ADC1_COMP_IRQHandler
                0x080003d0                I2C1_IRQHandler
                0x080003d0                TIM7_LPTIM2_IRQHandler
                0x080003d0                TIM17_FDCAN_IT1_IRQHandler
                0x080003d0                DMA1_Ch4_7_DMA2_Ch1_5_DMAMUX1_OVR_IRQHandler
                0x080003d0                RCC_CRS_IRQHandler
                0x080003d0                RTC_TAMP_IRQHandler
                0x080003d0                SPI1_IRQHandler
                0x080003d0                USB_UCPD1_2_IRQHandler
                0x080003d0                EXTI2_3_IRQHandler
                0x080003d0                USART2_LPUART2_IRQHandler
                0x080003d0                PVD_VDDIO2_IRQHandler
                0x080003d0                EXTI4_15_IRQHandler
                0x080003d0                DMA1_Channel1_IRQHandler
                0x080003d0                Default_Handler
                0x080003d0                CEC_IRQHandler
                0x080003d0                TIM14_IRQHandler
                0x080003d0                TIM15_IRQHandler
                0x080003d0                TIM3_TIM4_IRQHandler
                0x080003d0                EXTI0_1_IRQHandler
                0x080003d0                SPI2_3_IRQHandler
                0x080003d0                TIM6_DAC_LPTIM1_IRQHandler
                0x080003d0                WWDG_IRQHandler
                0x080003d0                TIM2_IRQHandler
                0x080003d0                DMA1_Channel2_3_IRQHandler
                0x080003d0                FLASH_IRQHandler
                0x080003d0                USART1_IRQHandler
                0x080003d0                TIM1_BRK_UP_TRG_COM_IRQHandler
 .text.SystemInit
                0x080003d2        0x4 Build/obj/system_stm32g0xx.o
                0x080003d2                SystemInit
 *fill*         0x080003d6        0x2 
 .text.HAL_Init
                0x080003d8       0x44 Build/obj/stm32g0xx_hal.o
                0x080003d8                HAL_Init
 .text.HAL_InitTick
                0x0800041c       0x90 Build/obj/stm32g0xx_hal.o
                0x0800041c                HAL_InitTick
 .text.HAL_IncTick
                0x080004ac       0x1c Build/obj/stm32g0xx_hal.o
                0x080004ac                HAL_IncTick
 .text.HAL_GetTick
                0x080004c8        0xc Build/obj/stm32g0xx_hal.o
                0x080004c8                HAL_GetTick
 .text.__NVIC_EnableIRQ
                0x080004d4       0x34 Build/obj/stm32g0xx_hal_cortex.o
 .text.__NVIC_SetPriority
                0x08000508       0xec Build/obj/stm32g0xx_hal_cortex.o
 .text.SysTick_Config
                0x080005f4       0x44 Build/obj/stm32g0xx_hal_cortex.o
 .text.HAL_NVIC_SetPriority
                0x08000638       0x28 Build/obj/stm32g0xx_hal_cortex.o
                0x08000638                HAL_NVIC_SetPriority
 .text.HAL_NVIC_EnableIRQ
                0x08000660       0x20 Build/obj/stm32g0xx_hal_cortex.o
                0x08000660                HAL_NVIC_EnableIRQ
 .text.HAL_SYSTICK_Config
                0x08000680       0x16 Build/obj/stm32g0xx_hal_cortex.o
                0x08000680                HAL_SYSTICK_Config
 *fill*         0x08000696        0x2 
 .text.HAL_RCC_OscConfig
                0x08000698      0x6bc Build/obj/stm32g0xx_hal_rcc.o
                0x08000698                HAL_RCC_OscConfig
 .text.HAL_GPIO_Init
                0x08000d54      0x2d4 Build/obj/stm32g0xx_hal_gpio.o
                0x08000d54                HAL_GPIO_Init
 .text.HAL_FDCAN_Init
                0x08001028      0x2c8 Build/obj/stm32g0xx_hal_fdcan.o
                0x08001028                HAL_FDCAN_Init
 .text.HAL_FDCAN_Start
                0x080012f0       0x46 Build/obj/stm32g0xx_hal_fdcan.o
                0x080012f0                HAL_FDCAN_Start
 .text.HAL_FDCAN_AddMessageToTxFifoQ
                0x08001336       0x86 Build/obj/stm32g0xx_hal_fdcan.o
                0x08001336                HAL_FDCAN_AddMessageToTxFifoQ
 .text.HAL_FDCAN_GetRxMessage
                0x080013bc      0x1c0 Build/obj/stm32g0xx_hal_fdcan.o
                0x080013bc                HAL_FDCAN_GetRxMessage
 .text.HAL_FDCAN_ActivateNotification
                0x0800157c      0x1a8 Build/obj/stm32g0xx_hal_fdcan.o
                0x0800157c                HAL_FDCAN_ActivateNotification
 .text.HAL_FDCAN_IRQHandler
                0x08001724      0x28a Build/obj/stm32g0xx_hal_fdcan.o
                0x08001724                HAL_FDCAN_IRQHandler
 .text.HAL_FDCAN_TxEventFifoCallback
                0x080019ae        0xc Build/obj/stm32g0xx_hal_fdcan.o
                0x080019ae                HAL_FDCAN_TxEventFifoCallback
 .text.HAL_FDCAN_RxFifo1Callback
                0x080019ba        0xc Build/obj/stm32g0xx_hal_fdcan.o
                0x080019ba                HAL_FDCAN_RxFifo1Callback
 .text.HAL_FDCAN_TxFifoEmptyCallback
                0x080019c6        0xa Build/obj/stm32g0xx_hal_fdcan.o
                0x080019c6                HAL_FDCAN_TxFifoEmptyCallback
 .text.HAL_FDCAN_TxBufferCompleteCallback
                0x080019d0        0xc Build/obj/stm32g0xx_hal_fdcan.o
                0x080019d0                HAL_FDCAN_TxBufferCompleteCallback
 .text.HAL_FDCAN_TxBufferAbortCallback
                0x080019dc        0xc Build/obj/stm32g0xx_hal_fdcan.o
                0x080019dc                HAL_FDCAN_TxBufferAbortCallback
 .text.HAL_FDCAN_TimestampWraparoundCallback
                0x080019e8        0xa Build/obj/stm32g0xx_hal_fdcan.o
                0x080019e8                HAL_FDCAN_TimestampWraparoundCallback
 .text.HAL_FDCAN_TimeoutOccurredCallback
                0x080019f2        0xa Build/obj/stm32g0xx_hal_fdcan.o
                0x080019f2                HAL_FDCAN_TimeoutOccurredCallback
 .text.HAL_FDCAN_HighPriorityMessageCallback
                0x080019fc        0xa Build/obj/stm32g0xx_hal_fdcan.o
                0x080019fc                HAL_FDCAN_HighPriorityMessageCallback
 .text.HAL_FDCAN_ErrorCallback
                0x08001a06        0xa Build/obj/stm32g0xx_hal_fdcan.o
                0x08001a06                HAL_FDCAN_ErrorCallback
 .text.HAL_FDCAN_ErrorStatusCallback
                0x08001a10        0xc Build/obj/stm32g0xx_hal_fdcan.o
                0x08001a10                HAL_FDCAN_ErrorStatusCallback
 .text.FDCAN_CalcultateRamBlockAddresses
                0x08001a1c       0xd4 Build/obj/stm32g0xx_hal_fdcan.o
 .text.FDCAN_CopyMessageToRAM
                0x08001af0       0xf0 Build/obj/stm32g0xx_hal_fdcan.o
 .text.HAL_RCCEx_PeriphCLKConfig
                0x08001be0      0x478 Build/obj/stm32g0xx_hal_rcc_ex.o
                0x08001be0                HAL_RCCEx_PeriphCLKConfig
 .text.HAL_RTC_Init
                0x08002058      0x144 Build/obj/stm32g0xx_hal_rtc.o
                0x08002058                HAL_RTC_Init
 .text.HAL_RTC_SetTime
                0x0800219c      0x150 Build/obj/stm32g0xx_hal_rtc.o
                0x0800219c                HAL_RTC_SetTime
 .text.HAL_RTC_SetDate
                0x080022ec      0x124 Build/obj/stm32g0xx_hal_rtc.o
                0x080022ec                HAL_RTC_SetDate
 .text.HAL_RTC_SetAlarm
                0x08002410      0x248 Build/obj/stm32g0xx_hal_rtc.o
                0x08002410                HAL_RTC_SetAlarm
 .text.HAL_RTC_WaitForSynchro
                0x08002658       0x4a Build/obj/stm32g0xx_hal_rtc.o
                0x08002658                HAL_RTC_WaitForSynchro
 .text.RTC_EnterInitMode
                0x080026a2       0x84 Build/obj/stm32g0xx_hal_rtc.o
                0x080026a2                RTC_EnterInitMode
 *fill*         0x08002726        0x2 
 .text.RTC_ExitInitMode
                0x08002728       0x88 Build/obj/stm32g0xx_hal_rtc.o
                0x08002728                RTC_ExitInitMode
 .text.RTC_ByteToBcd2
                0x080027b0       0x52 Build/obj/stm32g0xx_hal_rtc.o
                0x080027b0                RTC_ByteToBcd2
 *fill*         0x08002802        0x2 
 .text.HAL_PWR_EnableBkUpAccess
                0x08002804       0x18 Build/obj/stm32g0xx_hal_pwr.o
                0x08002804                HAL_PWR_EnableBkUpAccess
 .text.HAL_PWREx_ControlVoltageScaling
                0x0800281c       0x7c Build/obj/stm32g0xx_hal_pwr_ex.o
                0x0800281c                HAL_PWREx_ControlVoltageScaling
 .text.HAL_FDCAN_RxFifo0Callback
                0x08002898       0x2c Build/obj/app_serial.o
                0x08002898                HAL_FDCAN_RxFifo0Callback
 .text.CanTp_SingleFrameRx
                0x080028c4       0x9c Build/obj/app_serial.o
 .text.CanTp_SingleFrameTx
                0x08002960       0x38 Build/obj/app_serial.o
 .text.Serial_Init
                0x08002998       0xac Build/obj/app_serial.o
                0x08002998                Serial_Init
 .text.Serial_Task
                0x08002a44      0x2a8 Build/obj/app_serial.o
                0x08002a44                Serial_Task
 .text.BCDtoDecimal
                0x08002cec       0x52 Build/obj/app_serial.o
                0x08002cec                BCDtoDecimal
 .text.Validate_Time
                0x08002d3e       0x58 Build/obj/app_serial.o
                0x08002d3e                Validate_Time
 *fill*         0x08002d96        0x2 
 .text.Validate_Date
                0x08002d98      0x110 Build/obj/app_serial.o
                0x08002d98                Validate_Date
 .text.WeekDay  0x08002ea8      0x13c Build/obj/app_serial.o
                0x08002ea8                WeekDay
 .text.Validate_Alarm
                0x08002fe4       0x42 Build/obj/app_serial.o
                0x08002fe4                Validate_Alarm
 *fill*         0x08003026        0x2 
 .text.Clock_Init
                0x08003028       0x80 Build/obj/app_clock.o
                0x08003028                Clock_Init
 .text.Clock_Task
                0x080030a8      0x1a4 Build/obj/app_clock.o
                0x080030a8                Clock_Task
 .text.CAN_Task
                0x0800324c      0x148 Build/obj/app_can.o
                0x0800324c                CAN_Task
 .text.memset   0x08003394       0x10 /usr/lib/gcc/arm-none-eabi/13.2.0/../../../../arm-none-eabi/lib/thumb/v6-m/nofp/libc_nano.a(libc_a-memset.o)
                0x08003394                memset
 .text.__libc_init_array
                0x080033a4       0x48 /usr/lib/gcc/arm-none-eabi/13.2.0/../../../../arm-none-eabi/lib/thumb/v6-m/nofp/libc_nano.a(libc_a-init.o)
                0x080033a4                __libc_init_array
 *(.glue_7)
 .glue_7        0x080033ec        0x0 linker stubs
 *(.glue_7t)
 .glue_7t       0x080033ec        0x0 linker stubs
 *(.eh_frame)
 .eh_frame      0x080033ec        0x0 /usr/lib/gcc/arm-none-eabi/13.2.0/thumb/v6-m/nofp/crtbegin.o
 *(.init)
 .init          0x080033ec        0x4 /usr/lib/gcc/arm-none-eabi/13.2.0/thumb/v6-m/nofp/crti.o
                0x080033ec                _init
 .init          0x080033f0        0x8 /usr/lib/gcc/arm-none-eabi/13.2.0/thumb/v6-m/nofp/crtn.o
 *(.fini)
 .fini          0x080033f8        0x4 /usr/lib/gcc/arm-none-eabi/13.2.0/thumb/v6-m/nofp/crti.o
                0x080033f8                _fini
 .fini          0x080033fc        0x8 /usr/lib/gcc/arm-none-eabi/13.2.0/thumb/v6-m/nofp/crtn.o
                0x08003404                        . = ALIGN (0x4)
                0x08003404                        _etext = .

.vfp11_veneer   0x08003404        0x0
 .vfp11_veneer  0x08003404        0x0 linker stubs

.v4_bx          0x08003404        0x0
 .v4_bx         0x08003404        0x0 linker stubs

.iplt           0x08003404        0x0
 .iplt          0x08003404        0x0 /usr/lib/gcc/arm-none-eabi/13.2.0/thumb/v6-m/nofp/crtbegin.o

.rodata         0x08003404       0x58
                0x08003404                        . = ALIGN (0x4)
 *(.rodata)
 .rodata        0x08003404       0x13 Build/obj/app_serial.o
 *(.rodata*)
 *fill*         0x08003417        0x1 
 .rodata.DLCtoBytes
                0x08003418       0x10 Build/obj/stm32g0xx_hal_fdcan.o
 .rodata.Serial_Task
                0x08003428       0x1c Build/obj/app_serial.o
 .rodata.Clock_Task
                0x08003444       0x18 Build/obj/app_clock.o
                0x0800345c                        . = ALIGN (0x4)

.rel.dyn        0x0800345c        0x0
 .rel.iplt      0x0800345c        0x0 /usr/lib/gcc/arm-none-eabi/13.2.0/thumb/v6-m/nofp/crtbegin.o

.ARM.extab      0x0800345c        0x0
                0x0800345c                        . = ALIGN (0x4)
 *(.ARM.extab* .gnu.linkonce.armextab.*)
                0x0800345c                        . = ALIGN (0x4)

.ARM            0x0800345c        0x0
                0x0800345c                        . = ALIGN (0x4)
                0x0800345c                        __exidx_start = .
 *(.ARM.exidx*)
                0x0800345c                        __exidx_end = .
                0x0800345c                        . = ALIGN (0x4)

.preinit_array  0x0800345c        0x0
                0x0800345c                        . = ALIGN (0x4)
                0x0800345c                        PROVIDE (__preinit_array_start = .)
 *(.preinit_array*)
                0x0800345c                        PROVIDE (__preinit_array_end = .)
                0x0800345c                        . = ALIGN (0x4)

.init_array     0x0800345c        0x4
                0x0800345c                        . = ALIGN (0x4)
                0x0800345c                        PROVIDE (__init_array_start = .)
 *(SORT_BY_NAME(.init_array.*))
 *(.init_array*)
 .init_array    0x0800345c        0x4 /usr/lib/gcc/arm-none-eabi/13.2.0/thumb/v6-m/nofp/crtbegin.o
                0x08003460                        PROVIDE (__init_array_end = .)
                0x08003460                        . = ALIGN (0x4)

.fini_array     0x08003460        0x4
                0x08003460                        . = ALIGN (0x4)
                0x08003460                        PROVIDE (__fini_array_start = .)
 *(SORT_BY_NAME(.fini_array.*))
 *(.fini_array*)
 .fini_array    0x08003460        0x4 /usr/lib/gcc/arm-none-eabi/13.2.0/thumb/v6-m/nofp/crtbegin.o
                0x08003464                        PROVIDE (__fini_array_end = .)
                0x08003464                        . = ALIGN (0x4)
                0x08003464                        _sidata = LOADADDR (.data)

.data           0x20000000       0x1c load address 0x08003464
                0x20000000                        . = ALIGN (0x4)
                0x20000000                        _sdata = .
 *(.data)
 *(.data*)
 .data.SystemCoreClock
                0x20000000        0x4 Build/obj/system_stm32g0xx.o
                0x20000000                SystemCoreClock
 .data.uwTickPrio
                0x20000004        0x4 Build/obj/stm32g0xx_hal.o
                0x20000004                uwTickPrio
 .data.uwTickFreq
                0x20000008        0x1 Build/obj/stm32g0xx_hal.o
                0x20000008                uwTickFreq
 *fill*         0x20000009        0x3 
 .data.okMessage.1
                0x2000000c        0x8 Build/obj/app_serial.o
 .data.errorMessage.0
                0x20000014        0x8 Build/obj/app_serial.o
                0x2000001c                        . = ALIGN (0x4)
                0x2000001c                        _edata = .

.igot.plt       0x2000001c        0x0 load address 0x08003480
 .igot.plt      0x2000001c        0x0 /usr/lib/gcc/arm-none-eabi/13.2.0/thumb/v6-m/nofp/crtbegin.o
                0x2000001c                        . = ALIGN (0x4)

.bss            0x2000001c      0x1c0
                0x2000001c                        _sbss = .
                0x2000001c                        __bss_start__ = _sbss
 *(.bss)
 *(.bss*)
 .bss.completed.1
                0x2000001c        0x1 /usr/lib/gcc/arm-none-eabi/13.2.0/thumb/v6-m/nofp/crtbegin.o
 *fill*         0x2000001d        0x3 
 .bss.object.0  0x20000020       0x18 /usr/lib/gcc/arm-none-eabi/13.2.0/thumb/v6-m/nofp/crtbegin.o
 .bss.uwTick    0x20000038        0x4 Build/obj/stm32g0xx_hal.o
                0x20000038                uwTick
 .bss.CANHandler
                0x2000003c       0x64 Build/obj/app_serial.o
                0x2000003c                CANHandler
 .bss.CANRxHeader
                0x200000a0       0x28 Build/obj/app_serial.o
                0x200000a0                CANRxHeader
 .bss.CANTxHeader
                0x200000c8       0x24 Build/obj/app_serial.o
                0x200000c8                CANTxHeader
 .bss.CANFilter
                0x200000ec       0x18 Build/obj/app_serial.o
                0x200000ec                CANFilter
 .bss.RxData    0x20000104        0x8 Build/obj/app_serial.o
 .bss.message   0x2000010c        0x1 Build/obj/app_serial.o
                0x2000010c                message
 .bss.currentState.4
                0x2000010d        0x1 Build/obj/app_serial.o
 .bss.size.3    0x2000010e        0x1 Build/obj/app_serial.o
 .bss.messageType.2
                0x2000010f        0x1 Build/obj/app_serial.o
 .bss.hrtc      0x20000110       0x2c Build/obj/app_clock.o
                0x20000110                hrtc
 .bss.sTime     0x2000013c       0x14 Build/obj/app_clock.o
                0x2000013c                sTime
 .bss.sDate     0x20000150        0x4 Build/obj/app_clock.o
                0x20000150                sDate
 .bss.sAlarm    0x20000154       0x28 Build/obj/app_clock.o
                0x20000154                sAlarm
 .bss.Msg       0x2000017c       0x28 Build/obj/app_clock.o
                0x2000017c                Msg
 .bss.CANMsg    0x200001a4       0x28 Build/obj/app_clock.o
                0x200001a4                CANMsg
 .bss.ticker.1  0x200001cc        0x4 Build/obj/app_clock.o
 .bss.currentClockState.0
                0x200001d0        0x1 Build/obj/app_clock.o
 .bss.currentCanState.1
                0x200001d1        0x1 Build/obj/app_can.o
 *fill*         0x200001d2        0x2 
 .bss.TxData.0  0x200001d4        0x8 Build/obj/app_can.o
 *(COMMON)
                0x200001dc                        . = ALIGN (0x4)
                0x200001dc                        _ebss = .
                0x200001dc                        __bss_end__ = _ebss

._user_heap_stack
                0x200001dc      0x604
                0x200001e0                        . = ALIGN (0x8)
 *fill*         0x200001dc        0x4 
                0x200001e0                        PROVIDE (end = .)
                [!provide]                        PROVIDE (_end = .)
                0x200003e0                        . = (. + _Min_Heap_Size)
 *fill*         0x200001e0      0x200 
                0x200007e0                        . = (. + _Min_Stack_Size)
 *fill*         0x200003e0      0x400 
                0x200007e0                        . = ALIGN (0x8)

/DISCARD/
 libc.a(*)
 libm.a(*)
 libgcc.a(*)

.ARM.attributes
                0x00000000       0x28
 *(.ARM.attributes)
 .ARM.attributes
                0x00000000       0x1e /usr/lib/gcc/arm-none-eabi/13.2.0/thumb/v6-m/nofp/crti.o
 .ARM.attributes
                0x0000001e       0x2c /usr/lib/gcc/arm-none-eabi/13.2.0/thumb/v6-m/nofp/crtbegin.o
 .ARM.attributes
                0x0000004a       0x2c Build/obj/main.o
 .ARM.attributes
                0x00000076       0x2c Build/obj/app_ints.o
 .ARM.attributes
                0x000000a2       0x2c Build/obj/app_msps.o
 .ARM.attributes
                0x000000ce       0x22 Build/obj/startup_stm32g0b1xx.o
 .ARM.attributes
                0x000000f0       0x2c Build/obj/system_stm32g0xx.o
 .ARM.attributes
                0x0000011c       0x2c Build/obj/stm32g0xx_hal.o
 .ARM.attributes
                0x00000148       0x2c Build/obj/stm32g0xx_hal_cortex.o
 .ARM.attributes
                0x00000174       0x2c Build/obj/stm32g0xx_hal_rcc.o
 .ARM.attributes
                0x000001a0       0x2c Build/obj/stm32g0xx_hal_gpio.o
 .ARM.attributes
                0x000001cc       0x2c Build/obj/stm32g0xx_hal_fdcan.o
 .ARM.attributes
                0x000001f8       0x2c Build/obj/stm32g0xx_hal_rcc_ex.o
 .ARM.attributes
                0x00000224       0x2c Build/obj/stm32g0xx_hal_rtc.o
 .ARM.attributes
                0x00000250       0x2c Build/obj/stm32g0xx_hal_pwr.o
 .ARM.attributes
                0x0000027c       0x2c Build/obj/stm32g0xx_hal_pwr_ex.o
 .ARM.attributes
                0x000002a8       0x2c Build/obj/app_serial.o
 .ARM.attributes
                0x000002d4       0x2c Build/obj/app_clock.o
 .ARM.attributes
                0x00000300       0x2c Build/obj/app_can.o
 .ARM.attributes
                0x0000032c       0x1e /usr/lib/gcc/arm-none-eabi/13.2.0/thumb/v6-m/nofp/libgcc.a(_udivsi3.o)
 .ARM.attributes
                0x0000034a       0x1e /usr/lib/gcc/arm-none-eabi/13.2.0/thumb/v6-m/nofp/libgcc.a(_dvmd_tls.o)
 .ARM.attributes
                0x00000368       0x2c /usr/lib/gcc/arm-none-eabi/13.2.0/../../../../arm-none-eabi/lib/thumb/v6-m/nofp/libc_nano.a(libc_a-memset.o)
 .ARM.attributes
                0x00000394       0x2c /usr/lib/gcc/arm-none-eabi/13.2.0/../../../../arm-none-eabi/lib/thumb/v6-m/nofp/libc_nano.a(libc_a-init.o)
 .ARM.attributes
                0x000003c0       0x1e /usr/lib/gcc/arm-none-eabi/13.2.0/thumb/v6-m/nofp/crtn.o
OUTPUT(Build/temp.elf elf32-littlearm)
LOAD linker stubs
LOAD /usr/lib/gcc/arm-none-eabi/13.2.0/../../../../arm-none-eabi/lib/thumb/v6-m/nofp/libc.a
LOAD /usr/lib/gcc/arm-none-eabi/13.2.0/../../../../arm-none-eabi/lib/thumb/v6-m/nofp/libm.a
LOAD /usr/lib/gcc/arm-none-eabi/13.2.0/thumb/v6-m/nofp/libgcc.a

.debug_info     0x00000000     0xa27e
 .debug_info    0x00000000      0x12e Build/obj/main.o
 .debug_info    0x0000012e      0x5eb Build/obj/app_ints.o
 .debug_info    0x00000719     0x16ed Build/obj/app_msps.o
 .debug_info    0x00001e06      0x30f Build/obj/system_stm32g0xx.o
 .debug_info    0x00002115      0xaf3 Build/obj/stm32g0xx_hal.o
 .debug_info    0x00002c08      0x886 Build/obj/stm32g0xx_hal_cortex.o
 .debug_info    0x0000348e      0xbb3 Build/obj/stm32g0xx_hal_rcc.o
 .debug_info    0x00004041      0x5d2 Build/obj/stm32g0xx_hal_gpio.o
 .debug_info    0x00004613     0x1863 Build/obj/stm32g0xx_hal_fdcan.o
 .debug_info    0x00005e76      0xa3a Build/obj/stm32g0xx_hal_rcc_ex.o
 .debug_info    0x000068b0      0xcac Build/obj/stm32g0xx_hal_rtc.o
 .debug_info    0x0000755c      0x5a3 Build/obj/stm32g0xx_hal_pwr.o
 .debug_info    0x00007aff      0x8ae Build/obj/stm32g0xx_hal_pwr_ex.o
 .debug_info    0x000083ad      0xdaf Build/obj/app_serial.o
 .debug_info    0x0000915c      0x70b Build/obj/app_clock.o
 .debug_info    0x00009867      0x7b3 Build/obj/app_can.o
 .debug_info    0x0000a01a       0x3d /usr/lib/gcc/arm-none-eabi/13.2.0/thumb/v6-m/nofp/libgcc.a(_udivsi3.o)
 .debug_info    0x0000a057       0x3c /usr/lib/gcc/arm-none-eabi/13.2.0/thumb/v6-m/nofp/libgcc.a(_dvmd_tls.o)
 .debug_info    0x0000a093       0xe0 /usr/lib/gcc/arm-none-eabi/13.2.0/../../../../arm-none-eabi/lib/thumb/v6-m/nofp/libc_nano.a(libc_a-memset.o)
 .debug_info    0x0000a173      0x10b /usr/lib/gcc/arm-none-eabi/13.2.0/../../../../arm-none-eabi/lib/thumb/v6-m/nofp/libc_nano.a(libc_a-init.o)

.debug_abbrev   0x00000000     0x2026
 .debug_abbrev  0x00000000       0xc5 Build/obj/main.o
 .debug_abbrev  0x000000c5      0x175 Build/obj/app_ints.o
 .debug_abbrev  0x0000023a      0x1ee Build/obj/app_msps.o
 .debug_abbrev  0x00000428      0x119 Build/obj/system_stm32g0xx.o
 .debug_abbrev  0x00000541      0x27f Build/obj/stm32g0xx_hal.o
 .debug_abbrev  0x000007c0      0x2ab Build/obj/stm32g0xx_hal_cortex.o
 .debug_abbrev  0x00000a6b      0x2b6 Build/obj/stm32g0xx_hal_rcc.o
 .debug_abbrev  0x00000d21      0x1c8 Build/obj/stm32g0xx_hal_gpio.o
 .debug_abbrev  0x00000ee9      0x1eb Build/obj/stm32g0xx_hal_fdcan.o
 .debug_abbrev  0x000010d4      0x244 Build/obj/stm32g0xx_hal_rcc_ex.o
 .debug_abbrev  0x00001318      0x206 Build/obj/stm32g0xx_hal_rtc.o
 .debug_abbrev  0x0000151e      0x172 Build/obj/stm32g0xx_hal_pwr.o
 .debug_abbrev  0x00001690      0x23c Build/obj/stm32g0xx_hal_pwr_ex.o
 .debug_abbrev  0x000018cc      0x294 Build/obj/app_serial.o
 .debug_abbrev  0x00001b60      0x1af Build/obj/app_clock.o
 .debug_abbrev  0x00001d0f      0x162 Build/obj/app_can.o
 .debug_abbrev  0x00001e71       0x28 /usr/lib/gcc/arm-none-eabi/13.2.0/thumb/v6-m/nofp/libgcc.a(_udivsi3.o)
 .debug_abbrev  0x00001e99       0x26 /usr/lib/gcc/arm-none-eabi/13.2.0/thumb/v6-m/nofp/libgcc.a(_dvmd_tls.o)
 .debug_abbrev  0x00001ebf       0x9e /usr/lib/gcc/arm-none-eabi/13.2.0/../../../../arm-none-eabi/lib/thumb/v6-m/nofp/libc_nano.a(libc_a-memset.o)
 .debug_abbrev  0x00001f5d       0xc9 /usr/lib/gcc/arm-none-eabi/13.2.0/../../../../arm-none-eabi/lib/thumb/v6-m/nofp/libc_nano.a(libc_a-init.o)

.debug_aranges  0x00000000      0xa20
 .debug_aranges
                0x00000000       0x20 Build/obj/main.o
 .debug_aranges
                0x00000020       0x48 Build/obj/app_ints.o
 .debug_aranges
                0x00000068       0x40 Build/obj/app_msps.o
 .debug_aranges
                0x000000a8       0x28 Build/obj/system_stm32g0xx.o
 .debug_aranges
                0x000000d0      0x130 Build/obj/stm32g0xx_hal.o
 .debug_aranges
                0x00000200       0xd8 Build/obj/stm32g0xx_hal_cortex.o
 .debug_aranges
                0x000002d8       0xa0 Build/obj/stm32g0xx_hal_rcc.o
 .debug_aranges
                0x00000378       0x60 Build/obj/stm32g0xx_hal_gpio.o
 .debug_aranges
                0x000003d8      0x208 Build/obj/stm32g0xx_hal_fdcan.o
 .debug_aranges
                0x000005e0       0x88 Build/obj/stm32g0xx_hal_rcc_ex.o
 .debug_aranges
                0x00000668       0xe8 Build/obj/stm32g0xx_hal_rtc.o
 .debug_aranges
                0x00000750       0x78 Build/obj/stm32g0xx_hal_pwr.o
 .debug_aranges
                0x000007c8      0x128 Build/obj/stm32g0xx_hal_pwr_ex.o
 .debug_aranges
                0x000008f0       0x68 Build/obj/app_serial.o
 .debug_aranges
                0x00000958       0x28 Build/obj/app_clock.o
 .debug_aranges
                0x00000980       0x20 Build/obj/app_can.o
 .debug_aranges
                0x000009a0       0x20 /usr/lib/gcc/arm-none-eabi/13.2.0/thumb/v6-m/nofp/libgcc.a(_udivsi3.o)
 .debug_aranges
                0x000009c0       0x20 /usr/lib/gcc/arm-none-eabi/13.2.0/thumb/v6-m/nofp/libgcc.a(_dvmd_tls.o)
 .debug_aranges
                0x000009e0       0x20 /usr/lib/gcc/arm-none-eabi/13.2.0/../../../../arm-none-eabi/lib/thumb/v6-m/nofp/libc_nano.a(libc_a-memset.o)
 .debug_aranges
                0x00000a00       0x20 /usr/lib/gcc/arm-none-eabi/13.2.0/../../../../arm-none-eabi/lib/thumb/v6-m/nofp/libc_nano.a(libc_a-init.o)

.debug_rnglists
                0x00000000      0x74d
 .debug_rnglists
                0x00000000       0x13 Build/obj/main.o
 .debug_rnglists
                0x00000013       0x31 Build/obj/app_ints.o
 .debug_rnglists
                0x00000044       0x2f Build/obj/app_msps.o
 .debug_rnglists
                0x00000073       0x1a Build/obj/system_stm32g0xx.o
 .debug_rnglists
                0x0000008d       0xe0 Build/obj/stm32g0xx_hal.o
 .debug_rnglists
                0x0000016d       0xa0 Build/obj/stm32g0xx_hal_cortex.o
 .debug_rnglists
                0x0000020d       0x79 Build/obj/stm32g0xx_hal_rcc.o
 .debug_rnglists
                0x00000286       0x45 Build/obj/stm32g0xx_hal_gpio.o
 .debug_rnglists
                0x000002cb      0x18d Build/obj/stm32g0xx_hal_fdcan.o
 .debug_rnglists
                0x00000458       0x69 Build/obj/stm32g0xx_hal_rcc_ex.o
 .debug_rnglists
                0x000004c1       0xb5 Build/obj/stm32g0xx_hal_rtc.o
 .debug_rnglists
                0x00000576       0x55 Build/obj/stm32g0xx_hal_pwr.o
 .debug_rnglists
                0x000005cb       0xdf Build/obj/stm32g0xx_hal_pwr_ex.o
 .debug_rnglists
                0x000006aa       0x4e Build/obj/app_serial.o
 .debug_rnglists
                0x000006f8       0x1b Build/obj/app_clock.o
 .debug_rnglists
                0x00000713       0x14 Build/obj/app_can.o
 .debug_rnglists
                0x00000727       0x13 /usr/lib/gcc/arm-none-eabi/13.2.0/../../../../arm-none-eabi/lib/thumb/v6-m/nofp/libc_nano.a(libc_a-memset.o)
 .debug_rnglists
                0x0000073a       0x13 /usr/lib/gcc/arm-none-eabi/13.2.0/../../../../arm-none-eabi/lib/thumb/v6-m/nofp/libc_nano.a(libc_a-init.o)

.debug_macro    0x00000000    0x1d57d
 .debug_macro   0x00000000      0x234 Build/obj/main.o
 .debug_macro   0x00000234      0xa9c Build/obj/main.o
 .debug_macro   0x00000cd0       0x2e Build/obj/main.o
 .debug_macro   0x00000cfe       0x28 Build/obj/main.o
 .debug_macro   0x00000d26       0x22 Build/obj/main.o
 .debug_macro   0x00000d48       0x56 Build/obj/main.o
 .debug_macro   0x00000d9e       0x51 Build/obj/main.o
 .debug_macro   0x00000def      0x103 Build/obj/main.o
 .debug_macro   0x00000ef2       0x6a Build/obj/main.o
 .debug_macro   0x00000f5c      0x1df Build/obj/main.o
 .debug_macro   0x0000113b       0x1c Build/obj/main.o
 .debug_macro   0x00001157       0x22 Build/obj/main.o
 .debug_macro   0x00001179       0xd1 Build/obj/main.o
 .debug_macro   0x0000124a      0x4da Build/obj/main.o
 .debug_macro   0x00001724      0x11f Build/obj/main.o
 .debug_macro   0x00001843     0xf3bb Build/obj/main.o
 .debug_macro   0x00010bfe       0x66 Build/obj/main.o
 .debug_macro   0x00010c64      0x136 Build/obj/main.o
 .debug_macro   0x00010d9a     0x34fd Build/obj/main.o
 .debug_macro   0x00014297      0x189 Build/obj/main.o
 .debug_macro   0x00014420       0x5c Build/obj/main.o
 .debug_macro   0x0001447c      0x72c Build/obj/main.o
 .debug_macro   0x00014ba8     0x1509 Build/obj/main.o
 .debug_macro   0x000160b1      0x535 Build/obj/main.o
 .debug_macro   0x000165e6      0x1cf Build/obj/main.o
 .debug_macro   0x000167b5      0x25b Build/obj/main.o
 .debug_macro   0x00016a10      0x4f5 Build/obj/main.o
 .debug_macro   0x00016f05      0x280 Build/obj/main.o
 .debug_macro   0x00017185      0x417 Build/obj/main.o
 .debug_macro   0x0001759c      0x1b2 Build/obj/main.o
 .debug_macro   0x0001774e       0x43 Build/obj/main.o
 .debug_macro   0x00017791      0x1f1 Build/obj/main.o
 .debug_macro   0x00017982      0x1e4 Build/obj/main.o
 .debug_macro   0x00017b66      0x3fa Build/obj/main.o
 .debug_macro   0x00017f60       0x28 Build/obj/main.o
 .debug_macro   0x00017f88      0x123 Build/obj/main.o
 .debug_macro   0x000180ab      0x6bd Build/obj/main.o
 .debug_macro   0x00018768      0x145 Build/obj/main.o
 .debug_macro   0x000188ad      0x30b Build/obj/main.o
 .debug_macro   0x00018bb8      0x328 Build/obj/main.o
 .debug_macro   0x00018ee0      0x447 Build/obj/main.o
 .debug_macro   0x00019327       0xeb Build/obj/main.o
 .debug_macro   0x00019412      0x2fe Build/obj/main.o
 .debug_macro   0x00019710      0xade Build/obj/main.o
 .debug_macro   0x0001a1ee      0x239 Build/obj/main.o
 .debug_macro   0x0001a427      0x5df Build/obj/main.o
 .debug_macro   0x0001aa06       0x28 Build/obj/main.o
 .debug_macro   0x0001aa2e      0x20d Build/obj/app_ints.o
 .debug_macro   0x0001ac3b      0x216 Build/obj/app_msps.o
 .debug_macro   0x0001ae51      0x203 Build/obj/system_stm32g0xx.o
 .debug_macro   0x0001b054      0x227 Build/obj/stm32g0xx_hal.o
 .debug_macro   0x0001b27b      0x203 Build/obj/stm32g0xx_hal_cortex.o
 .debug_macro   0x0001b47e      0x257 Build/obj/stm32g0xx_hal_rcc.o
 .debug_macro   0x0001b6d5      0x20a Build/obj/stm32g0xx_hal_gpio.o
 .debug_macro   0x0001b8df      0x315 Build/obj/stm32g0xx_hal_fdcan.o
 .debug_macro   0x0001bbf4      0x21b Build/obj/stm32g0xx_hal_rcc_ex.o
 .debug_macro   0x0001be0f      0x204 Build/obj/stm32g0xx_hal_rtc.o
 .debug_macro   0x0001c013      0x203 Build/obj/stm32g0xx_hal_pwr.o
 .debug_macro   0x0001c216      0x22d Build/obj/stm32g0xx_hal_pwr_ex.o
 .debug_macro   0x0001c443      0x235 Build/obj/app_serial.o
 .debug_macro   0x0001c678      0x2e6 Build/obj/app_clock.o
 .debug_macro   0x0001c95e       0x74 Build/obj/app_clock.o
 .debug_macro   0x0001c9d2       0x24 Build/obj/app_clock.o
 .debug_macro   0x0001c9f6       0x3c Build/obj/app_clock.o
 .debug_macro   0x0001ca32       0x34 Build/obj/app_clock.o
 .debug_macro   0x0001ca66       0x16 Build/obj/app_clock.o
 .debug_macro   0x0001ca7c       0x3c Build/obj/app_clock.o
 .debug_macro   0x0001cab8      0x385 Build/obj/app_clock.o
 .debug_macro   0x0001ce3d       0x10 Build/obj/app_clock.o
 .debug_macro   0x0001ce4d       0x16 Build/obj/app_clock.o
 .debug_macro   0x0001ce63       0x4a Build/obj/app_clock.o
 .debug_macro   0x0001cead       0x34 Build/obj/app_clock.o
 .debug_macro   0x0001cee1       0x10 Build/obj/app_clock.o
 .debug_macro   0x0001cef1       0x58 Build/obj/app_clock.o
 .debug_macro   0x0001cf49      0x1de Build/obj/app_clock.o
 .debug_macro   0x0001d127       0x16 Build/obj/app_clock.o
 .debug_macro   0x0001d13d       0x16 Build/obj/app_clock.o
 .debug_macro   0x0001d153      0x12a Build/obj/app_clock.o
 .debug_macro   0x0001d27d      0x300 Build/obj/app_can.o

.debug_line     0x00000000     0x963f
 .debug_line    0x00000000      0x4ce Build/obj/main.o
 .debug_line    0x000004ce      0x4eb Build/obj/app_ints.o
 .debug_line    0x000009b9      0x58d Build/obj/app_msps.o
 .debug_line    0x00000f46      0x517 Build/obj/system_stm32g0xx.o
 .debug_line    0x0000145d      0x86e Build/obj/stm32g0xx_hal.o
 .debug_line    0x00001ccb      0x8a9 Build/obj/stm32g0xx_hal_cortex.o
 .debug_line    0x00002574      0xd67 Build/obj/stm32g0xx_hal_rcc.o
 .debug_line    0x000032db      0x8a3 Build/obj/stm32g0xx_hal_gpio.o
 .debug_line    0x00003b7e     0x15d8 Build/obj/stm32g0xx_hal_fdcan.o
 .debug_line    0x00005156      0xf1b Build/obj/stm32g0xx_hal_rcc_ex.o
 .debug_line    0x00006071      0xf1b Build/obj/stm32g0xx_hal_rtc.o
 .debug_line    0x00006f8c      0x5e4 Build/obj/stm32g0xx_hal_pwr.o
 .debug_line    0x00007570      0x91f Build/obj/stm32g0xx_hal_pwr_ex.o
 .debug_line    0x00007e8f      0x85d Build/obj/app_serial.o
 .debug_line    0x000086ec      0x661 Build/obj/app_clock.o
 .debug_line    0x00008d4d      0x5f9 Build/obj/app_can.o
 .debug_line    0x00009346       0x61 /usr/lib/gcc/arm-none-eabi/13.2.0/thumb/v6-m/nofp/libgcc.a(_udivsi3.o)
 .debug_line    0x000093a7       0x4a /usr/lib/gcc/arm-none-eabi/13.2.0/thumb/v6-m/nofp/libgcc.a(_dvmd_tls.o)
 .debug_line    0x000093f1      0x11d /usr/lib/gcc/arm-none-eabi/13.2.0/../../../../arm-none-eabi/lib/thumb/v6-m/nofp/libc_nano.a(libc_a-memset.o)
 .debug_line    0x0000950e      0x131 /usr/lib/gcc/arm-none-eabi/13.2.0/../../../../arm-none-eabi/lib/thumb/v6-m/nofp/libc_nano.a(libc_a-init.o)

.debug_str      0x00000000    0xc03e3
 .debug_str     0x00000000    0xc03e3 Build/obj/main.o
                              0xb9583 (size before relaxing)
 .debug_str     0x000c03e3    0xb989a Build/obj/app_ints.o
 .debug_str     0x000c03e3    0xba603 Build/obj/app_msps.o
 .debug_str     0x000c03e3    0xb95c2 Build/obj/system_stm32g0xx.o
 .debug_str     0x000c03e3    0xb9e7c Build/obj/stm32g0xx_hal.o
 .debug_str     0x000c03e3    0xb9a7c Build/obj/stm32g0xx_hal_cortex.o
 .debug_str     0x000c03e3    0xb9c95 Build/obj/stm32g0xx_hal_rcc.o
 .debug_str     0x000c03e3    0xb9706 Build/obj/stm32g0xx_hal_gpio.o
 .debug_str     0x000c03e3    0xbac3b Build/obj/stm32g0xx_hal_fdcan.o
 .debug_str     0x000c03e3    0xb9bff Build/obj/stm32g0xx_hal_rcc_ex.o
 .debug_str     0x000c03e3    0xb9ab9 Build/obj/stm32g0xx_hal_rtc.o
 .debug_str     0x000c03e3    0xb97a4 Build/obj/stm32g0xx_hal_pwr.o
 .debug_str     0x000c03e3    0xb9b25 Build/obj/stm32g0xx_hal_pwr_ex.o
 .debug_str     0x000c03e3    0xb9d68 Build/obj/app_serial.o
 .debug_str     0x000c03e3    0xbca0b Build/obj/app_clock.o
 .debug_str     0x000c03e3    0xbcae1 Build/obj/app_can.o
 .debug_str     0x000c03e3       0xb9 /usr/lib/gcc/arm-none-eabi/13.2.0/thumb/v6-m/nofp/libgcc.a(_udivsi3.o)
 .debug_str     0x000c03e3       0xba /usr/lib/gcc/arm-none-eabi/13.2.0/thumb/v6-m/nofp/libgcc.a(_dvmd_tls.o)
 .debug_str     0x000c03e3      0x1b8 /usr/lib/gcc/arm-none-eabi/13.2.0/../../../../arm-none-eabi/lib/thumb/v6-m/nofp/libc_nano.a(libc_a-memset.o)
 .debug_str     0x000c03e3      0x219 /usr/lib/gcc/arm-none-eabi/13.2.0/../../../../arm-none-eabi/lib/thumb/v6-m/nofp/libc_nano.a(libc_a-init.o)

.comment        0x00000000       0x3c
 .comment       0x00000000       0x3c Build/obj/main.o
                                 0x1f (size before relaxing)
 .comment       0x0000003c       0x1f Build/obj/app_ints.o
 .comment       0x0000003c       0x1f Build/obj/app_msps.o
 .comment       0x0000003c       0x1f Build/obj/system_stm32g0xx.o
 .comment       0x0000003c       0x1f Build/obj/stm32g0xx_hal.o
 .comment       0x0000003c       0x1f Build/obj/stm32g0xx_hal_cortex.o
 .comment       0x0000003c       0x1f Build/obj/stm32g0xx_hal_rcc.o
 .comment       0x0000003c       0x1f Build/obj/stm32g0xx_hal_gpio.o
 .comment       0x0000003c       0x1f Build/obj/stm32g0xx_hal_fdcan.o
 .comment       0x0000003c       0x1f Build/obj/stm32g0xx_hal_rcc_ex.o
 .comment       0x0000003c       0x1f Build/obj/stm32g0xx_hal_rtc.o
 .comment       0x0000003c       0x1f Build/obj/stm32g0xx_hal_pwr.o
 .comment       0x0000003c       0x1f Build/obj/stm32g0xx_hal_pwr_ex.o
 .comment       0x0000003c       0x1f Build/obj/app_serial.o
 .comment       0x0000003c       0x1f Build/obj/app_clock.o
 .comment       0x0000003c       0x1f Build/obj/app_can.o
 .comment       0x0000003c       0x1f /usr/lib/gcc/arm-none-eabi/13.2.0/../../../../arm-none-eabi/lib/thumb/v6-m/nofp/libc_nano.a(libc_a-memset.o)
 .comment       0x0000003c       0x1f /usr/lib/gcc/arm-none-eabi/13.2.0/../../../../arm-none-eabi/lib/thumb/v6-m/nofp/libc_nano.a(libc_a-init.o)

.debug_frame    0x00000000     0x1608
 .debug_frame   0x00000000       0x28 Build/obj/main.o
 .debug_frame   0x00000028       0x80 Build/obj/app_ints.o
 .debug_frame   0x000000a8       0x84 Build/obj/app_msps.o
 .debug_frame   0x0000012c       0x38 Build/obj/system_stm32g0xx.o
 .debug_frame   0x00000164      0x298 Build/obj/stm32g0xx_hal.o
 .debug_frame   0x000003fc      0x218 Build/obj/stm32g0xx_hal_cortex.o
 .debug_frame   0x00000614      0x164 Build/obj/stm32g0xx_hal_rcc.o
 .debug_frame   0x00000778       0xcc Build/obj/stm32g0xx_hal_gpio.o
 .debug_frame   0x00000844      0x500 Build/obj/stm32g0xx_hal_fdcan.o
 .debug_frame   0x00000d44      0x130 Build/obj/stm32g0xx_hal_rcc_ex.o
 .debug_frame   0x00000e74      0x26c Build/obj/stm32g0xx_hal_rtc.o
 .debug_frame   0x000010e0       0xe4 Build/obj/stm32g0xx_hal_pwr.o
 .debug_frame   0x000011c4      0x26c Build/obj/stm32g0xx_hal_pwr_ex.o
 .debug_frame   0x00001430      0x104 Build/obj/app_serial.o
 .debug_frame   0x00001534       0x40 Build/obj/app_clock.o
 .debug_frame   0x00001574       0x28 Build/obj/app_can.o
 .debug_frame   0x0000159c       0x20 /usr/lib/gcc/arm-none-eabi/13.2.0/thumb/v6-m/nofp/libgcc.a(_udivsi3.o)
 .debug_frame   0x000015bc       0x20 /usr/lib/gcc/arm-none-eabi/13.2.0/../../../../arm-none-eabi/lib/thumb/v6-m/nofp/libc_nano.a(libc_a-memset.o)
 .debug_frame   0x000015dc       0x2c /usr/lib/gcc/arm-none-eabi/13.2.0/../../../../arm-none-eabi/lib/thumb/v6-m/nofp/libc_nano.a(libc_a-init.o)

.debug_line_str
                0x00000000       0x92
 .debug_line_str
                0x00000000       0x92 /usr/lib/gcc/arm-none-eabi/13.2.0/thumb/v6-m/nofp/libgcc.a(_udivsi3.o)
 .debug_line_str
                0x00000092       0x92 /usr/lib/gcc/arm-none-eabi/13.2.0/thumb/v6-m/nofp/libgcc.a(_dvmd_tls.o)

.debug_loclists
                0x00000000       0xb0
 .debug_loclists
                0x00000000       0x6e /usr/lib/gcc/arm-none-eabi/13.2.0/../../../../arm-none-eabi/lib/thumb/v6-m/nofp/libc_nano.a(libc_a-memset.o)
 .debug_loclists
                0x0000006e       0x42 /usr/lib/gcc/arm-none-eabi/13.2.0/../../../../arm-none-eabi/lib/thumb/v6-m/nofp/libc_nano.a(libc_a-init.o)
